<html>
<body>
<pre>
<h1>µVision Build Log</h1>
<h2>Tool Versions:</h2>
IDE-Version: µVision V5.38.0.0
Copyright (C) 2022 ARM Ltd and ARM Germany GmbH. All rights reserved.
License Information: Nguyen Nhan, no, LIC=----
 
Tool Versions:
Toolchain:       MDK-Lite  Version: 5.38.0.0
Toolchain Path:  C:\Keil_v5\ARM\ARMCLANG\Bin
C Compiler:      ArmClang.exe V6.19
Assembler:       Armasm.exe V6.19
Linker/Locator:  ArmLink.exe V6.19
Library Manager: ArmAr.exe V6.19
Hex Converter:   FromElf.exe V6.19
CPU DLL:         SARMCM3.DLL V5.38.0.0
Dialog DLL:      DCM.DLL V1.17.5.0
Target DLL:      STLink\ST-LINKIII-KEIL_SWO.dll V3.1.0.0
Dialog DLL:      TCM.DLL V1.56.4.0
 
<h2>Project:</h2>
D:\Vi xu ly\21146033-NguyenTrungNhan\PROJECT.uvprojx
Project File Date:  12/27/2023

<h2>Output:</h2>
*** Using Compiler 'V6.19', folder: 'C:\Keil_v5\ARM\ARMCLANG\Bin'
Rebuild target 'Target 1'
assembling startup_stm32f10x_md.s...
RTE/Device/STM32F101C8/system_stm32f10x.c(64): warning: In file included from...
C:/Users/Admin/AppData/Local/Arm/Packs/Keil/STM32F1xx_DFP/2.4.1/Device/Include\stm32f10x.h(18): warning: invalid UTF-8 in comment [-Winvalid-utf8]
  *              - To use or not the peripheral<92>s drivers in application code(i.e. 
                                               ^
C:/Users/Admin/AppData/Local/Arm/Packs/Keil/STM32F1xx_DFP/2.4.1/Device/Include\stm32f10x.h(19): warning: invalid UTF-8 in comment [-Winvalid-utf8]
  *                code will be based on direct access to peripheral<92>s registers 
                                                                    ^
C:/Users/Admin/AppData/Local/Arm/Packs/Keil/STM32F1xx_DFP/2.4.1/Device/Include\stm32f10x.h(26): warning: invalid UTF-8 in comment [-Winvalid-utf8]
  *           - Macros to access peripheral<92>s registers hardware
                                           ^
RTE/Device/STM32F101C8/system_stm32f10x.c(166): warning: no previous extern declaration for non-static variable 'AHBPrescTable' [-Wmissing-variable-declarations]
__I uint8_t AHBPrescTable[16] = {0, 0, 0, 0, 0, 0, 0, 0, 1, 2, 3, 4, 6, 7, 8, 9};
            ^
RTE/Device/STM32F101C8/system_stm32f10x.c(166): note: declare 'static' if the variable is not intended to be used outside of this translation unit
__I uint8_t AHBPrescTable[16] = {0, 0, 0, 0, 0, 0, 0, 0, 1, 2, 3, 4, 6, 7, 8, 9};
    ^
4 warnings generated.
compiling system_stm32f10x.c...
21146033-NguyentTrungNhan.c(2): warning: In file included from...
C:/Users/Admin/AppData/Local/Arm/Packs/Keil/STM32F1xx_DFP/2.4.1/Device/Include\stm32f10x.h(18): warning: invalid UTF-8 in comment [-Winvalid-utf8]
  *              - To use or not the peripheral<92>s drivers in application code(i.e. 
                                               ^
C:/Users/Admin/AppData/Local/Arm/Packs/Keil/STM32F1xx_DFP/2.4.1/Device/Include\stm32f10x.h(19): warning: invalid UTF-8 in comment [-Winvalid-utf8]
  *                code will be based on direct access to peripheral<92>s registers 
                                                                    ^
C:/Users/Admin/AppData/Local/Arm/Packs/Keil/STM32F1xx_DFP/2.4.1/Device/Include\stm32f10x.h(26): warning: invalid UTF-8 in comment [-Winvalid-utf8]
  *           - Macros to access peripheral<92>s registers hardware
                                           ^
21146033-NguyentTrungNhan.c(5): warning: In file included from...
./delay.h(6): warning: no previous extern declaration for non-static variable 'msTicks' [-Wmissing-variable-declarations]
volatile uint32_t msTicks = 0;
                  ^
./delay.h(6): note: declare 'static' if the variable is not intended to be used outside of this translation unit
volatile uint32_t msTicks = 0;
         ^
./delay.h(8): warning: no previous prototype for function 'SysTick_Handler' [-Wmissing-prototypes]
void SysTick_Handler(void)
     ^
./delay.h(8): note: declare 'static' if the function is not intended to be used outside of this translation unit
void SysTick_Handler(void)
^
static 
./delay.h(19): warning: no newline at end of file [-Wnewline-eof]
}
 ^
21146033-NguyentTrungNhan.c(6): warning: In file included from...
./lcd.h(28): warning: implicit conversion changes signedness: 'int' to 'unsigned int' [-Wsign-conversion]
        GPIOB->ODR &= ~(0x0f<<8); // reset PB8~PB11 
                   ~~ ^~~~~~~~~~
./lcd.h(31): warning: implicit conversion changes signedness: 'int' to 'unsigned int' [-Wsign-conversion]
        GPIOB->ODR |= (cmd << 8); 
                   ~~  ~~~~^~~~
./lcd.h(39): warning: implicit conversion changes signedness: 'int' to 'unsigned int' [-Wsign-conversion]
        GPIOB->ODR &= ~(0x0f<<8); // reset PB8~PB11 
                   ~~ ^~~~~~~~~~
./lcd.h(42): warning: implicit conversion changes signedness: 'int' to 'unsigned int' [-Wsign-conversion]
        GPIOB->ODR |= (data << 8); 
                   ~~  ~~~~~^~~~
./lcd.h(48): warning: no previous prototype for function 'lcd_clear' [-Wmissing-prototypes]
void lcd_clear(void){
     ^
./lcd.h(48): note: declare 'static' if the function is not intended to be used outside of this translation unit
void lcd_clear(void){
^
static 
./lcd.h(80): warning: no newline at end of file [-Wnewline-eof]
}
 ^
21146033-NguyentTrungNhan.c(17): warning: no previous extern declaration for non-static variable 'dutyCycle' [-Wmissing-variable-declarations]
volatile uint16_t dutyCycle = 0;
                  ^
21146033-NguyentTrungNhan.c(17): note: declare 'static' if the variable is not intended to be used outside of this translation unit
volatile uint16_t dutyCycle = 0;
         ^
21146033-NguyentTrungNhan.c(18): warning: no previous extern declaration for non-static variable 'encoderCount' [-Wmissing-variable-declarations]
volatile uint32_t encoderCount = 0;
                  ^
21146033-NguyentTrungNhan.c(18): note: declare 'static' if the variable is not intended to be used outside of this translation unit
volatile uint32_t encoderCount = 0;
         ^
21146033-NguyentTrungNhan.c(19): warning: no previous extern declaration for non-static variable 'prevEncoderCount' [-Wmissing-variable-declarations]
volatile uint32_t prevEncoderCount = 0;
                  ^
21146033-NguyentTrungNhan.c(19): note: declare 'static' if the variable is not intended to be used outside of this translation unit
volatile uint32_t prevEncoderCount = 0;
         ^
21146033-NguyentTrungNhan.c(20): warning: no previous extern declaration for non-static variable 'motorSpeed' [-Wmissing-variable-declarations]
volatile float motorSpeed = 0.0;
               ^
21146033-NguyentTrungNhan.c(20): note: declare 'static' if the variable is not intended to be used outside of this translation unit
volatile float motorSpeed = 0.0;
         ^
21146033-NguyentTrungNhan.c(22): warning: no previous extern declaration for non-static variable 'oldtime_1' [-Wmissing-variable-declarations]
unsigned long oldtime_1 = 0;
              ^
21146033-NguyentTrungNhan.c(22): note: declare 'static' if the variable is not intended to be used outside of this translation unit
unsigned long oldtime_1 = 0;
^
21146033-NguyentTrungNhan.c(23): warning: no previous extern declaration for non-static variable 'oldtime_2' [-Wmissing-variable-declarations]
unsigned long oldtime_2 = 0;
              ^
21146033-NguyentTrungNhan.c(23): note: declare 'static' if the variable is not intended to be used outside of this translation unit
unsigned long oldtime_2 = 0;
^
21146033-NguyentTrungNhan.c(24): warning: no previous extern declaration for non-static variable 'Delay_1' [-Wmissing-variable-declarations]
unsigned long Delay_1 = 10;
              ^
21146033-NguyentTrungNhan.c(24): note: declare 'static' if the variable is not intended to be used outside of this translation unit
unsigned long Delay_1 = 10;
^
21146033-NguyentTrungNhan.c(25): warning: no previous extern declaration for non-static variable 'Delay_2' [-Wmissing-variable-declarations]
unsigned long Delay_2 = 10;
              ^
21146033-NguyentTrungNhan.c(25): note: declare 'static' if the variable is not intended to be used outside of this translation unit
unsigned long Delay_2 = 10;
^
21146033-NguyentTrungNhan.c(28): warning: a function declaration without a prototype is deprecated in all versions of C [-Wstrict-prototypes]
void EXTI1_IRQHandler();
                     ^
                      void
21146033-NguyentTrungNhan.c(29): warning: a function declaration without a prototype is deprecated in all versions of C [-Wstrict-prototypes]
void EXTI2_IRQHandler();
                     ^
                      void
21146033-NguyentTrungNhan.c(34): warning: a function declaration without a prototype is deprecated in all versions of C [-Wstrict-prototypes]
int main()
        ^
         void
21146033-NguyentTrungNhan.c(66): warning: implicit conversion changes signedness: 'int' to 'unsigned int' [-Wsign-conversion]
                GPIOA->CRL &= ~((0 << 4) | (0 << 8) | (0 << 12));  
                           ~~ ^~~~~~~~~~~~~~~~~~~~~~~~~~~~~~~~~~
21146033-NguyentTrungNhan.c(75): warning: binary integer literals are a GNU extension [-Wgnu-binary-literal]
    GPIOB->ODR &= ~((0b111111 << 8));
                     ^
21146033-NguyentTrungNhan.c(76): warning: invalid UTF-8 in comment [-Winvalid-utf8]
                // <D0>at PA2 la muc logic cao
                   ^
21146033-NguyentTrungNhan.c(75): warning: implicit conversion changes signedness: 'int' to 'unsigned int' [-Wsign-conversion]
    GPIOB->ODR &= ~((0b111111 << 8));
               ~~ ^~~~~~~~~~~~~~~~~~
21146033-NguyentTrungNhan.c(77): warning: invalid UTF-8 in comment [-Winvalid-utf8]
                GPIOA->BSRR = (1 << 2);    // <D0>at PA2 thanh muc cao (logic 1)
                                              ^
21146033-NguyentTrungNhan.c(78): warning: invalid UTF-8 in comment [-Winvalid-utf8]
                // <D0>at PA3 l<E0> muc logic thap
                   ^
21146033-NguyentTrungNhan.c(78): warning: invalid UTF-8 in comment [-Winvalid-utf8]
                // <D0>at PA3 l<E0> muc logic thap
                               ^
21146033-NguyentTrungNhan.c(79): warning: invalid UTF-8 in comment [-Winvalid-utf8]
                GPIOA->BRR = (1 << 3);     // <D0>at PA3 thanh muc thap (logic 0) 
                                              ^
21146033-NguyentTrungNhan.c(99): warning: a function declaration without a prototype is deprecated in all versions of C [-Wstrict-prototypes]
void EXTI1_IRQHandler()
                     ^
                      void
21146033-NguyentTrungNhan.c(99): warning: no previous prototype for function 'EXTI1_IRQHandler' [-Wmissing-prototypes]
void EXTI1_IRQHandler()
     ^
21146033-NguyentTrungNhan.c(28): note: this declaration is not a prototype; add 'void' to make it a prototype for a zero-parameter function
void EXTI1_IRQHandler();
     ^
                      void
21146033-NguyentTrungNhan.c(110): warning: a function declaration without a prototype is deprecated in all versions of C [-Wstrict-prototypes]
void EXTI2_IRQHandler()
                     ^
                      void
21146033-NguyentTrungNhan.c(115): warning: result of comparison of unsigned expression < 0 is always false [-Wtautological-unsigned-zero-compare]
                if(dutyCycle < 0) dutyCycle = 0;
                   ~~~~~~~~~ ^ ~
21146033-NguyentTrungNhan.c(110): warning: no previous prototype for function 'EXTI2_IRQHandler' [-Wmissing-prototypes]
void EXTI2_IRQHandler()
     ^
21146033-NguyentTrungNhan.c(29): note: this declaration is not a prototype; add 'void' to make it a prototype for a zero-parameter function
void EXTI2_IRQHandler();
     ^
                      void
21146033-NguyentTrungNhan.c(170): warning: invalid UTF-8 in comment [-Winvalid-utf8]
    } //neu co ngat T<CC>F duoc dat, no se giam bien so bo ma hoa va xoa co ngat TIF bang cach ghi 0.
                     ^
21146033-NguyentTrungNhan.c(178): warning: mixing declarations and code is incompatible with standards before C99 [-Wdeclaration-after-statement]
                                                char buffer[16];
                                                     ^
21146033-NguyentTrungNhan.c(190): warning: format specifies type 'int' but the argument has type 'float' [-Wformat]
            sprintf(buffer, "%d", motorSpeed);
                             ~~   ^~~~~~~~~~
                             %f
21146033-NguyentTrungNhan.c(190): warning: implicit conversion increases floating-point precision: 'volatile float' to 'double' [-Wdouble-promotion]
            sprintf(buffer, "%d", motorSpeed);
            ~~~~~~~               ^~~~~~~~~~
21146033-NguyentTrungNhan.c(189): warning: mixing declarations and code is incompatible with standards before C99 [-Wdeclaration-after-statement]
            char buffer[16];
                 ^
41 warnings generated.
compiling 21146033-NguyentTrungNhan.c...
linking...
Program Size: Code=9536 RO-data=844 RW-data=8 ZI-data=1664  
FromELF: creating hex file...
".\Objects\PROJECT.axf" - 0 Error(s), 45 Warning(s).

<h2>Software Packages used:</h2>

Package Vendor: ARM
                http://www.keil.com/pack/ARM.CMSIS.5.9.0.pack
                ARM.CMSIS.5.9.0
                CMSIS (Common Microcontroller Software Interface Standard)
   * Component: CORE Version: 5.6.0

Package Vendor: Keil
                https://www.keil.com/pack/Keil.STM32F1xx_DFP.2.4.1.pack
                Keil.STM32F1xx_DFP.2.4.1
                STMicroelectronics STM32F1 Series Device Support, Drivers and Examples
   * Component: Startup Version: 1.0.0

<h2>Collection of Component include folders:</h2>
  ./RTE/Device/STM32F101C8
  ./RTE/_Target_1
  C:/Users/Admin/AppData/Local/Arm/Packs/ARM/CMSIS/5.9.0/CMSIS/Core/Include
  C:/Users/Admin/AppData/Local/Arm/Packs/Keil/STM32F1xx_DFP/2.4.1/Device/Include

<h2>Collection of Component Files used:</h2>

   * Component: ARM::CMSIS:CORE:5.6.0

   * Component: Keil::Device:Startup:1.0.0
      Include file:  RTE_Driver/Config/RTE_Device.h
      Source file:   Device/Source/system_stm32f10x.c
      Source file:   Device/Source/ARM/startup_stm32f10x_md.s
      Source file:   Device/Source/ARM/STM32F1xx_OPT.s
Build Time Elapsed:  00:00:01
</pre>
</body>
</html>
